// Vitest Snapshot v1, https://vitest.dev/guide/snapshot.html

exports[`Plugins > create frame - text - rectable 1`] = `
[
  {
    ":fills": [
      {
        ":fill-color": "#FFFFFF",
        ":fill-opacity": 1,
      },
    ],
    ":flip-x": null,
    ":flip-y": null,
    ":frame-id": "1",
    ":height": 0.01,
    ":hide-fill-on-export": false,
    ":id": "1",
    ":name": "Root Frame",
    ":parent-id": "1",
    ":points": [
      {
        ":x": 0,
        ":y": 0,
      },
      {
        ":x": 0.01,
        ":y": 0,
      },
      {
        ":x": 0.01,
        ":y": 0.01,
      },
      {
        ":x": 0,
        ":y": 0.01,
      },
    ],
    ":proportion": 1,
    ":proportion-lock": false,
    ":rotation": 0,
    ":selrect": {
      ":height": 0.01,
      ":width": 0.01,
      ":x": 0,
      ":x1": 0,
      ":x2": 0.01,
      ":y": 0,
      ":y1": 0,
      ":y2": 0.01,
    },
    ":shapes": [
      "2",
      "3",
      "4",
    ],
    ":strokes": [],
    ":transform": {
      ":a": 1,
      ":b": 0,
      ":c": 0,
      ":d": 1,
      ":e": 0,
      ":f": 0,
    },
    ":transform-inverse": {
      ":a": 1,
      ":b": 0,
      ":c": 0,
      ":d": 1,
      ":e": 0,
      ":f": 0,
    },
    ":type": ":frame",
    ":width": 0.01,
    ":x": 0,
    ":y": 0,
  },
  {
    ":content": {
      ":children": [
        {
          ":children": [
            {
              ":children": [
                {
                  ":fills": [
                    {
                      ":fill-color": "#000000",
                      ":fill-opacity": 1,
                    },
                  ],
                  ":font-family": "sourcesanspro",
                  ":font-id": "sourcesanspro",
                  ":font-size": "14",
                  ":font-style": "normal",
                  ":font-variant-id": "regular",
                  ":font-weight": "400",
                  ":letter-spacing": "0",
                  ":line-height": "1.2",
                  ":text": "Hello from plugin",
                  ":text-align": "left",
                  ":text-decoration": "none",
                  ":text-transform": "none",
                  ":typography-ref-file": null,
                  ":typography-ref-id": null,
                },
              ],
              ":fills": [
                {
                  ":fill-color": "#000000",
                  ":fill-opacity": 1,
                },
              ],
              ":font-family": "sourcesanspro",
              ":font-id": "sourcesanspro",
              ":font-size": "14",
              ":font-style": "normal",
              ":font-variant-id": "regular",
              ":font-weight": "400",
              ":letter-spacing": "0",
              ":line-height": "1.2",
              ":text-align": "left",
              ":text-decoration": "none",
              ":text-transform": "none",
              ":type": "paragraph",
              ":typography-ref-file": null,
              ":typography-ref-id": null,
            },
          ],
          ":type": "paragraph-set",
        },
      ],
      ":type": "root",
    },
    ":flip-x": null,
    ":flip-y": null,
    ":frame-id": "1",
    ":grow-type": ":auto-width",
    ":height": 17,
    ":id": "2",
    ":name": "Text",
    ":parent-id": "1",
    ":points": [
      {
        ":x": 684,
        ":y": 540,
      },
      {
        ":x": 786,
        ":y": 540,
      },
      {
        ":x": 786,
        ":y": 557,
      },
      {
        ":x": 684,
        ":y": 557,
      },
    ],
    ":position-data": [
      {
        ":direction": "ltr",
        ":fills": [
          {
            ":fill-color": "#000000",
            ":fill-opacity": 1,
          },
        ],
        ":font-family": "sourcesanspro",
        ":font-size": "14px",
        ":font-style": "normal",
        ":font-weight": "400",
        ":height": 18,
        ":letter-spacing": "normal",
        ":text": "Hello from plugin",
        ":text-decoration": "none solid rgb(0, 0, 0)",
        ":text-transform": "none",
        ":width": 101.5313,
        ":x": 684,
        ":x1": 0,
        ":x2": 101.5313,
        ":y": 557,
        ":y1": -1,
        ":y2": 17,
      },
    ],
    ":rotation": 0,
    ":selrect": {
      ":height": 17,
      ":width": 102,
      ":x": 684,
      ":x1": 684,
      ":x2": 786,
      ":y": 540,
      ":y1": 540,
      ":y2": 557,
    },
    ":transform": {
      ":a": 1,
      ":b": 0,
      ":c": 0,
      ":d": 1,
      ":e": 0,
      ":f": 0,
    },
    ":transform-inverse": {
      ":a": 1,
      ":b": 0,
      ":c": 0,
      ":d": 1,
      ":e": 0,
      ":f": 0,
    },
    ":type": ":text",
    ":width": 102,
    ":x": 684,
    ":y": 540,
  },
  {
    ":fills": [
      {
        ":fill-color": "#B1B2B5",
        ":fill-opacity": 1,
      },
    ],
    ":flip-x": null,
    ":flip-y": null,
    ":frame-id": "1",
    ":height": 200,
    ":id": "3",
    ":name": "Rectangle",
    ":parent-id": "1",
    ":plugin-data": {
      ":plugin/TEST": {
        "customKey": "customValue",
      },
    },
    ":points": [
      {
        ":x": 684,
        ":y": 540,
      },
      {
        ":x": 884,
        ":y": 540,
      },
      {
        ":x": 884,
        ":y": 740,
      },
      {
        ":x": 684,
        ":y": 740,
      },
    ],
    ":proportion": 1,
    ":proportion-lock": false,
    ":rotation": 0,
    ":rx": 0,
    ":ry": 0,
    ":selrect": {
      ":height": 200,
      ":width": 200,
      ":x": 684,
      ":x1": 684,
      ":x2": 884,
      ":y": 540,
      ":y1": 540,
      ":y2": 740,
    },
    ":strokes": [],
    ":transform": {
      ":a": 1,
      ":b": 0,
      ":c": 0,
      ":d": 1,
      ":e": 0,
      ":f": 0,
    },
    ":transform-inverse": {
      ":a": 1,
      ":b": 0,
      ":c": 0,
      ":d": 1,
      ":e": 0,
      ":f": 0,
    },
    ":type": ":rect",
    ":width": 200,
    ":x": 684,
    ":y": 540,
  },
  {
    ":fills": [
      {
        ":fill-color": "#FFFFFF",
        ":fill-opacity": 1,
      },
    ],
    ":flip-x": null,
    ":flip-y": null,
    ":frame-id": "1",
    ":height": 300,
    ":hide-fill-on-export": false,
    ":id": "4",
    ":name": "Frame name",
    ":parent-id": "1",
    ":points": [
      {
        ":x": 684,
        ":y": 540,
      },
      {
        ":x": 984,
        ":y": 540,
      },
      {
        ":x": 984,
        ":y": 840,
      },
      {
        ":x": 684,
        ":y": 840,
      },
    ],
    ":proportion": 1,
    ":proportion-lock": false,
    ":rotation": 0,
    ":rx": 8,
    ":ry": 8,
    ":selrect": {
      ":height": 300,
      ":width": 300,
      ":x": 684,
      ":x1": 684,
      ":x2": 984,
      ":y": 540,
      ":y1": 540,
      ":y2": 840,
    },
    ":shapes": [
      "5",
    ],
    ":strokes": [],
    ":transform": {
      ":a": 1,
      ":b": 0,
      ":c": 0,
      ":d": 1,
      ":e": 0,
      ":f": 0,
    },
    ":transform-inverse": {
      ":a": 1,
      ":b": 0,
      ":c": 0,
      ":d": 1,
      ":e": 0,
      ":f": 0,
    },
    ":type": ":frame",
    ":width": 300,
    ":x": 684,
    ":y": 540,
  },
  {
    ":constraints-h": ":left",
    ":constraints-v": ":top",
    ":content": {
      ":children": [
        {
          ":children": [
            {
              ":children": [
                {
                  ":fills": [
                    {
                      ":fill-color": "#000000",
                      ":fill-opacity": 1,
                    },
                  ],
                  ":font-family": "sourcesanspro",
                  ":font-id": "sourcesanspro",
                  ":font-size": "14",
                  ":font-style": "normal",
                  ":font-variant-id": "regular",
                  ":font-weight": "400",
                  ":letter-spacing": "0",
                  ":line-height": "1.2",
                  ":text": "Hello from frame",
                  ":text-align": "left",
                  ":text-decoration": "none",
                  ":text-transform": "none",
                  ":typography-ref-file": null,
                  ":typography-ref-id": null,
                },
              ],
              ":fills": [
                {
                  ":fill-color": "#000000",
                  ":fill-opacity": 1,
                },
              ],
              ":font-family": "sourcesanspro",
              ":font-id": "sourcesanspro",
              ":font-size": "14",
              ":font-style": "normal",
              ":font-variant-id": "regular",
              ":font-weight": "400",
              ":letter-spacing": "0",
              ":line-height": "1.2",
              ":text-align": "left",
              ":text-decoration": "none",
              ":text-transform": "none",
              ":type": "paragraph",
              ":typography-ref-file": null,
              ":typography-ref-id": null,
            },
          ],
          ":type": "paragraph-set",
        },
      ],
      ":type": "root",
    },
    ":flip-x": null,
    ":flip-y": null,
    ":frame-id": "4",
    ":grow-type": ":auto-width",
    ":height": 17,
    ":id": "5",
    ":name": "Text",
    ":parent-id": "4",
    ":points": [
      {
        ":x": 10,
        ":y": 10,
      },
      {
        ":x": 109,
        ":y": 10,
      },
      {
        ":x": 109,
        ":y": 27,
      },
      {
        ":x": 10,
        ":y": 27,
      },
    ],
    ":position-data": [
      {
        ":direction": "ltr",
        ":fills": [
          {
            ":fill-color": "#000000",
            ":fill-opacity": 1,
          },
        ],
        ":font-family": "sourcesanspro",
        ":font-size": "14px",
        ":font-style": "normal",
        ":font-weight": "400",
        ":height": 18,
        ":letter-spacing": "normal",
        ":text": "Hello from frame",
        ":text-decoration": "none solid rgb(0, 0, 0)",
        ":text-transform": "none",
        ":width": 98.7344,
        ":x": 10,
        ":x1": 0,
        ":x2": 98.7344,
        ":y": 27,
        ":y1": -1,
        ":y2": 17,
      },
    ],
    ":rotation": 0,
    ":selrect": {
      ":height": 17,
      ":width": 99,
      ":x": 10,
      ":x1": 10,
      ":x2": 109,
      ":y": 10,
      ":y1": 10,
      ":y2": 27,
    },
    ":transform": {
      ":a": 1,
      ":b": 0,
      ":c": 0,
      ":d": 1,
      ":e": 0,
      ":f": 0,
    },
    ":transform-inverse": {
      ":a": 1,
      ":b": 0,
      ":c": 0,
      ":d": 1,
      ":e": 0,
      ":f": 0,
    },
    ":type": ":text",
    ":width": 99,
    ":x": 10,
    ":y": 10,
  },
]
`;
